{
  "GivenNames": "John",
  "FamilyName": "Smith",
  "Spouse": "Jill",
  "Address": {
    "Street": "1 Puddle Lane",
    "Country": "USA"
  },
  "Childres": [
    "Sam",
    "Mary"
  ]
}