{
  "$type": "ObjectApproverTests.Person",
  "GivenNames": "John",
  "FamilyName": "Smith",
  "Spouse": "Jill",
  "Address": {
    "$type": "ObjectApproverTests.Address",
    "Street": "1 Puddle Street",
    "Country": "USA"
  },
  "Children": {
    "$type": "List<string>",
    "$values": [
      "Sam",
      "Mary"
    ]
  },
  "Dob": "9999-12-31T23:59:59.9999999",
  "Id": "ebced679-45d3-4653-8791-3d969c4a986c"
}